============================= test session starts ==============================
platform linux -- Python 3.8.18, pytest-7.3.0, pluggy-1.3.0
rootdir: /app
collected 4 items

test_app.py ....                                                         [100%]

============================== 4 passed in 7.57s ===============================
